2026-02-02 03:54:41,429 - root - INFO - generation started....
2026-02-02 03:54:41,431 - root - INFO - generation finished...
2026-02-02 04:02:16,723 - root - INFO - generation started....
2026-02-02 04:02:16,723 - root - INFO - Data extraction...
2026-02-02 04:02:16,724 - root - INFO - calculating...
2026-02-02 04:02:16,724 - root - INFO - writing to file...
2026-02-02 04:02:16,724 - root - INFO - report generated..
2026-02-02 04:03:21,160 - root - INFO - generation started....
2026-02-02 04:03:21,160 - root - ERROR - file path is missing...
2026-02-02 04:03:42,246 - root - INFO - generation started....
2026-02-02 04:03:42,247 - root - ERROR - empty data..
2026-02-02 04:03:55,843 - root - INFO - generation started....
2026-02-02 04:03:55,854 - root - INFO - Data extraction...
2026-02-02 04:03:55,854 - root - INFO - calculating...
2026-02-02 04:03:55,855 - root - INFO - writing to file...
2026-02-02 04:03:55,855 - root - INFO - report generated..
2026-02-02 04:23:51,656 - root - INFO - User logged in....
2026-02-02 04:23:51,656 - root - INFO - Reading CSV file...
2026-02-02 04:23:51,656 - root - ERROR - Invalid marks for Student45: NA
2026-02-02 04:23:51,656 - root - INFO - Writing report to output file
2026-02-02 04:23:51,657 - root - INFO - Report generated successfully
2026-02-02 04:23:51,657 - root - INFO - Program Finished..
